// Jest Snapshot v1, https://goo.gl/fbAQLP

exports[`<Note /> renders correctly 1`] = `
<Row
  align="normal"
  component="div"
  debug={false}
  gutterWidth={null}
  justify="start"
  nogutter={false}
  nowrap={false}
  style={Object {}}
>
  <Col
    className="note"
    component="div"
    debug={false}
    lg={null}
    md={null}
    offset={Object {}}
    pull={Object {}}
    push={Object {}}
    sm={null}
    style={Object {}}
    width={null}
    xl={null}
    xs={12}
    xxl={null}
  >
    <div
      className="note__icon"
    >
      <i
        className="lni lni-16 lni-notepad"
      />
    </div>
    <div
      className="note__input"
    >
      <input
        placeholder="Nhập ghi chú"
        type="text"
      />
    </div>
  </Col>
</Row>
`;
