// Jest Snapshot v1, https://goo.gl/fbAQLP

exports[`<Introduction /> renders correctly 1`] = `
<Container
  component="div"
  fluid={false}
  lg={false}
  md={false}
  sm={false}
  style={Object {}}
  xl={false}
  xs={false}
  xxl={false}
>
  <Row
    align="normal"
    className="introduction"
    component="div"
    debug={false}
    gutterWidth={null}
    justify="start"
    nogutter={false}
    nowrap={false}
    style={Object {}}
  >
    <Col
      className="introduction__banner"
      component="div"
      debug={false}
      lg={null}
      md={null}
      offset={Object {}}
      pull={Object {}}
      push={Object {}}
      sm={null}
      style={
        Object {
          "padding": 0,
        }
      }
      width={null}
      xl={null}
      xs={12}
      xxl={null}
    >
      <img
        alt=""
        src="test-file-stub"
      />
    </Col>
    <Col
      className="introduction__search-box"
      component="div"
      debug={false}
      lg={3}
      md={4}
      offset={
        Object {
          "lg": 9,
          "md": 8,
        }
      }
      pull={Object {}}
      push={Object {}}
      sm={null}
      style={Object {}}
      width={null}
      xl={null}
      xs={12}
      xxl={null}
    >
      <SearchBox />
    </Col>
    <Col
      className="introduction__metadata"
      component="div"
      debug={false}
      lg={null}
      md={null}
      offset={Object {}}
      pull={Object {}}
      push={Object {}}
      sm={null}
      style={Object {}}
      width={null}
      xl={null}
      xs={12}
      xxl={null}
    >
      <Metadata />
    </Col>
    <Col
      component="div"
      debug={false}
      lg={null}
      md={null}
      offset={Object {}}
      pull={Object {}}
      push={Object {}}
      sm={null}
      style={Object {}}
      width={null}
      xl={null}
      xs={12}
      xxl={null}
    >
      <ShopSelector />
    </Col>
  </Row>
</Container>
`;
